\set tname test_orderkeys.t1_table12_groups
-- this test is sensitive to cluster size, so force all the data to be stored
-- on seg0 only.
select gp_debug_set_create_table_default_numsegments(1);
 gp_debug_set_create_table_default_numsegments 
-----------------------------------------------
 1
(1 row)

-- create :tname with the first column "c1" as the group key
create table :tname (c1 int, c2 int)
 using mars
  with (group_col_ = "{c1}", global_order_col_= "{c1, c2}")
 distributed by (c1)
;
insert into :tname select i, i % 4 from generate_series(0, 15) i;
\i sql/orderkeys.template
--
-- verify the grouping
--
select ctid, c1, c2 from :tname;
  ctid  | c1 | c2 
--------+----+----
 (1,1)  |  0 |  0
 (2,1)  |  1 |  1
 (3,1)  |  2 |  2
 (4,1)  |  3 |  3
 (5,1)  |  4 |  0
 (6,1)  |  5 |  1
 (7,1)  |  6 |  2
 (8,1)  |  7 |  3
 (9,1)  |  8 |  0
 (10,1) |  9 |  1
 (11,1) | 10 |  2
 (12,1) | 11 |  3
 (13,1) | 12 |  0
 (14,1) | 13 |  1
 (15,1) | 14 |  2
 (16,1) | 15 |  3
(16 rows)

--
-- verify the fast seeking with only the first key
--
select c1, c2 from :tname where c1 <  1 order by c1, c2;
 c1 | c2 
----+----
  0 |  0
(1 row)

select c1, c2 from :tname where c1 <= 1 order by c1, c2;
 c1 | c2 
----+----
  0 |  0
  1 |  1
(2 rows)

select c1, c2 from :tname where c1 =  1 order by c1, c2;
 c1 | c2 
----+----
  1 |  1
(1 row)

select c1, c2 from :tname where c1 >= 1 order by c1, c2;
 c1 | c2 
----+----
  1 |  1
  2 |  2
  3 |  3
  4 |  0
  5 |  1
  6 |  2
  7 |  3
  8 |  0
  9 |  1
 10 |  2
 11 |  3
 12 |  0
 13 |  1
 14 |  2
 15 |  3
(15 rows)

select c1, c2 from :tname where c1 >  1 order by c1, c2;
 c1 | c2 
----+----
  2 |  2
  3 |  3
  4 |  0
  5 |  1
  6 |  2
  7 |  3
  8 |  0
  9 |  1
 10 |  2
 11 |  3
 12 |  0
 13 |  1
 14 |  2
 15 |  3
(14 rows)

--
-- verify the fast seeking with only the second key
--
select c1, c2 from :tname where c2 <  1 order by c1, c2;
 c1 | c2 
----+----
  0 |  0
  4 |  0
  8 |  0
 12 |  0
(4 rows)

select c1, c2 from :tname where c2 <= 1 order by c1, c2;
 c1 | c2 
----+----
  0 |  0
  1 |  1
  4 |  0
  5 |  1
  8 |  0
  9 |  1
 12 |  0
 13 |  1
(8 rows)

select c1, c2 from :tname where c2 =  1 order by c1, c2;
 c1 | c2 
----+----
  1 |  1
  5 |  1
  9 |  1
 13 |  1
(4 rows)

select c1, c2 from :tname where c2 >= 1 order by c1, c2;
 c1 | c2 
----+----
  1 |  1
  2 |  2
  3 |  3
  5 |  1
  6 |  2
  7 |  3
  9 |  1
 10 |  2
 11 |  3
 13 |  1
 14 |  2
 15 |  3
(12 rows)

select c1, c2 from :tname where c2 >  1 order by c1, c2;
 c1 | c2 
----+----
  2 |  2
  3 |  3
  6 |  2
  7 |  3
 10 |  2
 11 |  3
 14 |  2
 15 |  3
(8 rows)

--
-- verify the fast seeking with both keys
--
select c1, c2 from :tname where c1 <  1 and c2 <  2 order by c1, c2;
 c1 | c2 
----+----
  0 |  0
(1 row)

select c1, c2 from :tname where c1 <  1 and c2 <= 2 order by c1, c2;
 c1 | c2 
----+----
  0 |  0
(1 row)

select c1, c2 from :tname where c1 <  1 and c2 =  2 order by c1, c2;
 c1 | c2 
----+----
(0 rows)

select c1, c2 from :tname where c1 <  1 and c2 >= 2 order by c1, c2;
 c1 | c2 
----+----
(0 rows)

select c1, c2 from :tname where c1 <  1 and c2 >  2 order by c1, c2;
 c1 | c2 
----+----
(0 rows)

select c1, c2 from :tname where c1 <= 1 and c2 <  2 order by c1, c2;
 c1 | c2 
----+----
  0 |  0
  1 |  1
(2 rows)

select c1, c2 from :tname where c1 <= 1 and c2 <= 2 order by c1, c2;
 c1 | c2 
----+----
  0 |  0
  1 |  1
(2 rows)

select c1, c2 from :tname where c1 <= 1 and c2 =  2 order by c1, c2;
 c1 | c2 
----+----
(0 rows)

select c1, c2 from :tname where c1 <= 1 and c2 >= 2 order by c1, c2;
 c1 | c2 
----+----
(0 rows)

select c1, c2 from :tname where c1 <= 1 and c2 >  2 order by c1, c2;
 c1 | c2 
----+----
(0 rows)

select c1, c2 from :tname where c1 =  1 and c2 <  2 order by c1, c2;
 c1 | c2 
----+----
  1 |  1
(1 row)

select c1, c2 from :tname where c1 =  1 and c2 <= 2 order by c1, c2;
 c1 | c2 
----+----
  1 |  1
(1 row)

select c1, c2 from :tname where c1 =  1 and c2 =  2 order by c1, c2;
 c1 | c2 
----+----
(0 rows)

select c1, c2 from :tname where c1 =  1 and c2 >= 2 order by c1, c2;
 c1 | c2 
----+----
(0 rows)

select c1, c2 from :tname where c1 =  1 and c2 >  2 order by c1, c2;
 c1 | c2 
----+----
(0 rows)

select c1, c2 from :tname where c1 >= 1 and c2 <  2 order by c1, c2;
 c1 | c2 
----+----
  1 |  1
  4 |  0
  5 |  1
  8 |  0
  9 |  1
 12 |  0
 13 |  1
(7 rows)

select c1, c2 from :tname where c1 >= 1 and c2 <= 2 order by c1, c2;
 c1 | c2 
----+----
  1 |  1
  2 |  2
  4 |  0
  5 |  1
  6 |  2
  8 |  0
  9 |  1
 10 |  2
 12 |  0
 13 |  1
 14 |  2
(11 rows)

select c1, c2 from :tname where c1 >= 1 and c2 =  2 order by c1, c2;
 c1 | c2 
----+----
  2 |  2
  6 |  2
 10 |  2
 14 |  2
(4 rows)

select c1, c2 from :tname where c1 >= 1 and c2 >= 2 order by c1, c2;
 c1 | c2 
----+----
  2 |  2
  3 |  3
  6 |  2
  7 |  3
 10 |  2
 11 |  3
 14 |  2
 15 |  3
(8 rows)

select c1, c2 from :tname where c1 >= 1 and c2 >  2 order by c1, c2;
 c1 | c2 
----+----
  3 |  3
  7 |  3
 11 |  3
 15 |  3
(4 rows)

select c1, c2 from :tname where c1 >  1 and c2 <  2 order by c1, c2;
 c1 | c2 
----+----
  4 |  0
  5 |  1
  8 |  0
  9 |  1
 12 |  0
 13 |  1
(6 rows)

select c1, c2 from :tname where c1 >  1 and c2 <= 2 order by c1, c2;
 c1 | c2 
----+----
  2 |  2
  4 |  0
  5 |  1
  6 |  2
  8 |  0
  9 |  1
 10 |  2
 12 |  0
 13 |  1
 14 |  2
(10 rows)

select c1, c2 from :tname where c1 >  1 and c2 =  2 order by c1, c2;
 c1 | c2 
----+----
  2 |  2
  6 |  2
 10 |  2
 14 |  2
(4 rows)

select c1, c2 from :tname where c1 >  1 and c2 >= 2 order by c1, c2;
 c1 | c2 
----+----
  2 |  2
  3 |  3
  6 |  2
  7 |  3
 10 |  2
 11 |  3
 14 |  2
 15 |  3
(8 rows)

select c1, c2 from :tname where c1 >  1 and c2 >  2 order by c1, c2;
 c1 | c2 
----+----
  3 |  3
  7 |  3
 11 |  3
 15 |  3
(4 rows)

--
-- verify the fast seeking with AND expr on the first key
--
select c1, c2 from :tname where c1 >= 1 and c1 <= 3 order by c1, c2;
 c1 | c2 
----+----
  1 |  1
  2 |  2
  3 |  3
(3 rows)

select c1, c2 from :tname where c1 >  1 and c1 <= 3 order by c1, c2;
 c1 | c2 
----+----
  2 |  2
  3 |  3
(2 rows)

select c1, c2 from :tname where c1 >= 1 and c1 <  3 order by c1, c2;
 c1 | c2 
----+----
  1 |  1
  2 |  2
(2 rows)

select c1, c2 from :tname where c1 >  1 and c1 <  3 order by c1, c2;
 c1 | c2 
----+----
  2 |  2
(1 row)

--
-- verify the fast seeking with AND expr on the second key
--
select c1, c2 from :tname where c2 >= 1 and c2 <= 3 order by c1, c2;
 c1 | c2 
----+----
  1 |  1
  2 |  2
  3 |  3
  5 |  1
  6 |  2
  7 |  3
  9 |  1
 10 |  2
 11 |  3
 13 |  1
 14 |  2
 15 |  3
(12 rows)

select c1, c2 from :tname where c2 >  1 and c2 <= 3 order by c1, c2;
 c1 | c2 
----+----
  2 |  2
  3 |  3
  6 |  2
  7 |  3
 10 |  2
 11 |  3
 14 |  2
 15 |  3
(8 rows)

select c1, c2 from :tname where c2 >= 1 and c2 <  3 order by c1, c2;
 c1 | c2 
----+----
  1 |  1
  2 |  2
  5 |  1
  6 |  2
  9 |  1
 10 |  2
 13 |  1
 14 |  2
(8 rows)

select c1, c2 from :tname where c2 >  1 and c2 <  3 order by c1, c2;
 c1 | c2 
----+----
  2 |  2
  6 |  2
 10 |  2
 14 |  2
(4 rows)

--
-- verify the fast seeking with AND expr on both keys
--
select c1, c2 from :tname where c1 >= 1 and c1 <= 3 and c2 >= 1 and c2 <= 3 order by c1, c2;
 c1 | c2 
----+----
  1 |  1
  2 |  2
  3 |  3
(3 rows)

select c1, c2 from :tname where c1 >  1 and c1 <= 3 and c2 >  1 and c2 <= 3 order by c1, c2;
 c1 | c2 
----+----
  2 |  2
  3 |  3
(2 rows)

select c1, c2 from :tname where c1 >= 1 and c1 <  3 and c2 >= 1 and c2 <  3 order by c1, c2;
 c1 | c2 
----+----
  1 |  1
  2 |  2
(2 rows)

select c1, c2 from :tname where c1 >  1 and c1 <  3 and c2 >  1 and c2 <  3 order by c1, c2;
 c1 | c2 
----+----
  2 |  2
(1 row)

select c1, c2 from :tname where c1 =  1 and c2 >= 1 and c2 <= 3 order by c1, c2;
 c1 | c2 
----+----
  1 |  1
(1 row)

select c1, c2 from :tname where c1 =  1 and c2 >  1 and c2 <= 3 order by c1, c2;
 c1 | c2 
----+----
(0 rows)

select c1, c2 from :tname where c1 =  1 and c2 >= 1 and c2 <  3 order by c1, c2;
 c1 | c2 
----+----
  1 |  1
(1 row)

select c1, c2 from :tname where c1 =  1 and c2 >  1 and c2 <  3 order by c1, c2;
 c1 | c2 
----+----
(0 rows)

select c1, c2 from :tname where c1 >= 1 and c1 <= 3 and c2 =  1 order by c1, c2;
 c1 | c2 
----+----
  1 |  1
(1 row)

select c1, c2 from :tname where c1 >  1 and c1 <= 3 and c2 =  1 order by c1, c2;
 c1 | c2 
----+----
(0 rows)

select c1, c2 from :tname where c1 >= 1 and c1 <  3 and c2 =  1 order by c1, c2;
 c1 | c2 
----+----
  1 |  1
(1 row)

select c1, c2 from :tname where c1 >  1 and c1 <  3 and c2 =  1 order by c1, c2;
 c1 | c2 
----+----
(0 rows)

--
-- verify the IN expr
--
select c1, c2 from :tname where c1 in ( 0, 1, 3 ) order by c1, c2;
 c1 | c2 
----+----
  0 |  0
  1 |  1
  3 |  3
(3 rows)

select c1, c2 from :tname where c1 in ( 0, 1, 3 ) and c1 <  1 order by c1, c2;
 c1 | c2 
----+----
  0 |  0
(1 row)

select c1, c2 from :tname where c1 in ( 0, 1, 3 ) and c1 <= 1 order by c1, c2;
 c1 | c2 
----+----
  0 |  0
  1 |  1
(2 rows)

select c1, c2 from :tname where c1 in ( 0, 1, 3 ) and c1 =  1 order by c1, c2;
 c1 | c2 
----+----
  1 |  1
(1 row)

select c1, c2 from :tname where c1 in ( 0, 1, 3 ) and c1 >= 1 order by c1, c2;
 c1 | c2 
----+----
  1 |  1
  3 |  3
(2 rows)

select c1, c2 from :tname where c1 in ( 0, 1, 3 ) and c1 >  1 order by c1, c2;
 c1 | c2 
----+----
  3 |  3
(1 row)

select c1, c2 from :tname where c1 in ( 0, 1, 3 ) and c2 <  1 order by c1, c2;
 c1 | c2 
----+----
  0 |  0
(1 row)

select c1, c2 from :tname where c1 in ( 0, 1, 3 ) and c2 <= 1 order by c1, c2;
 c1 | c2 
----+----
  0 |  0
  1 |  1
(2 rows)

select c1, c2 from :tname where c1 in ( 0, 1, 3 ) and c2 =  1 order by c1, c2;
 c1 | c2 
----+----
  1 |  1
(1 row)

select c1, c2 from :tname where c1 in ( 0, 1, 3 ) and c2 >= 1 order by c1, c2;
 c1 | c2 
----+----
  1 |  1
  3 |  3
(2 rows)

select c1, c2 from :tname where c1 in ( 0, 1, 3 ) and c2 >  1 order by c1, c2;
 c1 | c2 
----+----
  3 |  3
(1 row)

select c1, c2 from :tname where c2 in ( 0, 1, 3 ) order by c1, c2;
 c1 | c2 
----+----
  0 |  0
  1 |  1
  3 |  3
  4 |  0
  5 |  1
  7 |  3
  8 |  0
  9 |  1
 11 |  3
 12 |  0
 13 |  1
 15 |  3
(12 rows)

select c1, c2 from :tname where c2 in ( 0, 1, 3 ) and c1 <  1 order by c1, c2;
 c1 | c2 
----+----
  0 |  0
(1 row)

select c1, c2 from :tname where c2 in ( 0, 1, 3 ) and c1 <= 1 order by c1, c2;
 c1 | c2 
----+----
  0 |  0
  1 |  1
(2 rows)

select c1, c2 from :tname where c2 in ( 0, 1, 3 ) and c1 =  1 order by c1, c2;
 c1 | c2 
----+----
  1 |  1
(1 row)

select c1, c2 from :tname where c2 in ( 0, 1, 3 ) and c1 >= 1 order by c1, c2;
 c1 | c2 
----+----
  1 |  1
  3 |  3
  4 |  0
  5 |  1
  7 |  3
  8 |  0
  9 |  1
 11 |  3
 12 |  0
 13 |  1
 15 |  3
(11 rows)

select c1, c2 from :tname where c2 in ( 0, 1, 3 ) and c1 >  1 order by c1, c2;
 c1 | c2 
----+----
  3 |  3
  4 |  0
  5 |  1
  7 |  3
  8 |  0
  9 |  1
 11 |  3
 12 |  0
 13 |  1
 15 |  3
(10 rows)

select c1, c2 from :tname where c2 in ( 0, 1, 3 ) and c2 <  1 order by c1, c2;
 c1 | c2 
----+----
  0 |  0
  4 |  0
  8 |  0
 12 |  0
(4 rows)

select c1, c2 from :tname where c2 in ( 0, 1, 3 ) and c2 <= 1 order by c1, c2;
 c1 | c2 
----+----
  0 |  0
  1 |  1
  4 |  0
  5 |  1
  8 |  0
  9 |  1
 12 |  0
 13 |  1
(8 rows)

select c1, c2 from :tname where c2 in ( 0, 1, 3 ) and c2 =  1 order by c1, c2;
 c1 | c2 
----+----
  1 |  1
  5 |  1
  9 |  1
 13 |  1
(4 rows)

select c1, c2 from :tname where c2 in ( 0, 1, 3 ) and c2 >= 1 order by c1, c2;
 c1 | c2 
----+----
  1 |  1
  3 |  3
  5 |  1
  7 |  3
  9 |  1
 11 |  3
 13 |  1
 15 |  3
(8 rows)

select c1, c2 from :tname where c2 in ( 0, 1, 3 ) and c2 >  1 order by c1, c2;
 c1 | c2 
----+----
  3 |  3
  7 |  3
 11 |  3
 15 |  3
(4 rows)

select c1, c2 from :tname where c1 in ( 0, 1, 3 ) and c2 in ( 0, 1, 3 ) order by c1, c2;
 c1 | c2 
----+----
  0 |  0
  1 |  1
  3 |  3
(3 rows)

select c1, c2 from :tname where c1 in ( 0, 1, 2 ) and c1 in ( 1, 2, 3 ) order by c1, c2;
 c1 | c2 
----+----
  1 |  1
  2 |  2
(2 rows)

select c1, c2 from :tname where c2 in ( 0, 1, 2 ) and c2 in ( 1, 2, 3 ) order by c1, c2;
 c1 | c2 
----+----
  1 |  1
  2 |  2
  5 |  1
  6 |  2
  9 |  1
 10 |  2
 13 |  1
 14 |  2
(8 rows)

select c1, c2 from :tname where c1 in ( 0, 1, 2 ) and c1 in ( 1, 2, 3 )
                       and c2 in ( 0, 1, 2 ) and c2 in ( 1, 2, 3 ) order by c1, c2;
 c1 | c2 
----+----
  1 |  1
  2 |  2
(2 rows)

