-- cleanup
--
\c postgres
DROP DATABASE IF EXISTS matrixmgr;
